D:\JAVA_PROJECT\backend\src\main\java\com\codearena\service\AuthService.java
D:\JAVA_PROJECT\backend\src\main\java\com\codearena\controller\ExecuteController.java
D:\JAVA_PROJECT\backend\src\main\java\com\codearena\service\CustomUserDetailsService.java
D:\JAVA_PROJECT\backend\src\main\java\com\codearena\dto\ProgramDTO.java
D:\JAVA_PROJECT\backend\src\main\java\com\codearena\service\ProgramService.java
D:\JAVA_PROJECT\backend\src\main\java\com\codearena\dto\ExecuteRequest.java
D:\JAVA_PROJECT\backend\src\main\java\com\codearena\repository\UserRepository.java
D:\JAVA_PROJECT\backend\src\main\java\com\codearena\security\JwtAuthenticationFilter.java
D:\JAVA_PROJECT\backend\src\main\java\com\codearena\dto\LoginRequest.java
D:\JAVA_PROJECT\backend\src\main\java\com\codearena\security\JwtService.java
D:\JAVA_PROJECT\backend\src\main\java\com\codearena\entity\User.java
D:\JAVA_PROJECT\backend\src\main\java\com\codearena\service\CodeExecutionService.java
D:\JAVA_PROJECT\backend\src\main\java\com\codearena\entity\Program.java
D:\JAVA_PROJECT\backend\src\main\java\com\codearena\CodeArenaApplication.java
D:\JAVA_PROJECT\backend\src\main\java\com\codearena\controller\GlobalExceptionHandler.java
D:\JAVA_PROJECT\backend\src\main\java\com\codearena\dto\ExecuteResponse.java
D:\JAVA_PROJECT\backend\src\main\java\com\codearena\dto\AuthResponse.java
D:\JAVA_PROJECT\backend\src\main\java\com\codearena\dto\RegisterRequest.java
D:\JAVA_PROJECT\backend\src\main\java\com\codearena\controller\ProgramController.java
D:\JAVA_PROJECT\backend\src\main\java\com\codearena\controller\AuthController.java
D:\JAVA_PROJECT\backend\src\main\java\com\codearena\repository\ProgramRepository.java
D:\JAVA_PROJECT\backend\src\main\java\com\codearena\config\SecurityConfig.java
